[10/07/2026 11:30:21,33] iniciando backup
[backup] OK -> C:\Users\mpans\OneDrive\Documentos\GitHub\gastos-pessoais\backups\banco_20260710_113021.db
[10/07/2026 11:30:21,61] fim (exit=0)
[10/07/2026 18:32:33,57] iniciando backup
[backup] OK -> C:\Users\mpans\OneDrive\Documentos\GitHub\gastos-pessoais\backups\banco_20260710_183234.db
[10/07/2026 18:32:34,57] fim (exit=0)
[11/07/2026 20:16:28,01] iniciando backup
[backup] OK -> C:\Users\mpans\OneDrive\Documentos\GitHub\gastos-pessoais\backups\banco_20260711_201630.db
[11/07/2026 20:16:30,20] fim (exit=0)
[12/07/2026 16:34:55,62] iniciando backup
[backup] OK -> C:\Users\mpans\OneDrive\Documentos\GitHub\gastos-pessoais\backups\banco_20260712_163455.db
[12/07/2026 16:34:55,92] fim (exit=0)
[13/07/2026 15:43:27,30] iniciando backup
[backup] OK -> C:\Users\mpans\OneDrive\Documentos\GitHub\gastos-pessoais\backups\banco_20260713_154328.db
[13/07/2026 15:43:28,15] fim (exit=0)
[14/07/2026 13:50:41,32] iniciando backup
[backup] OK -> C:\Users\mpans\OneDrive\Documentos\GitHub\gastos-pessoais\backups\banco_20260714_135047.db
[14/07/2026 13:50:47,29] fim (exit=0)
[17/07/2026 14:40:23,41] iniciando backup
[backup] OK -> C:\Users\mpans\OneDrive\Documentos\GitHub\gastos-pessoais\backups\banco_20260717_160436.db
[17/07/2026 16:04:36,79] fim (exit=0)
[18/07/2026 12:30:02,34] iniciando backup
[backup] OK -> C:\Users\mpans\OneDrive\Documentos\GitHub\gastos-pessoais\backups\banco_20260718_123002.db
[18/07/2026 12:30:02,97] fim (exit=0)
[19/07/2026 20:27:23,60] iniciando backup
[backup] OK -> C:\Users\mpans\OneDrive\Documentos\GitHub\gastos-pessoais\backups\banco_20260719_202726.db
[19/07/2026 20:27:26,65] fim (exit=0)
[21/07/2026 10:14:27,16] iniciando backup
[backup] OK -> C:\Users\mpans\OneDrive\Documentos\GitHub\gastos-pessoais\backups\banco_20260721_101427.db
[21/07/2026 10:14:28,06] fim (exit=0)
[21/07/2026 13:57:20,53] iniciando backup
[backup] OK -> C:\Users\mpans\OneDrive\Documentos\GitHub\gastos-pessoais\backups\banco_20260721_135721.db
[21/07/2026 13:57:21,41] fim (exit=0)
[24/07/2026 13:49:41,86] iniciando backup
[backup] OK -> C:\Users\mpans\OneDrive\Documentos\GitHub\gastos-pessoais\backups\banco_20260724_134942.db
[24/07/2026 13:49:42,58] fim (exit=0)
[25/07/2026 12:30:01,99] iniciando backup
[backup] OK -> C:\Users\mpans\OneDrive\Documentos\GitHub\gastos-pessoais\backups\banco_20260725_123002.db
[25/07/2026 12:30:02,41] fim (exit=0)
[26/07/2026 13:44:17,29] iniciando backup
[backup] OK -> C:\Users\mpans\OneDrive\Documentos\GitHub\gastos-pessoais\backups\banco_20260726_134418.db
[26/07/2026 13:44:18,86] fim (exit=0)
[28/07/2026 18:11:03,17] iniciando backup
[backup] OK -> C:\Users\mpans\OneDrive\Documentos\GitHub\gastos-pessoais\backups\banco_20260728_181103.db
[28/07/2026 18:11:03,85] fim (exit=0)
[30/07/2026 13:52:05,68] iniciando backup
[backup] OK -> C:\Users\mpans\OneDrive\Documentos\GitHub\gastos-pessoais\backups\banco_20260730_135219.db
[30/07/2026 13:52:20,02] fim (exit=0)
[31/07/2026 13:09:51,37] iniciando backup
[backup] OK -> C:\Users\mpans\OneDrive\Documentos\GitHub\gastos-pessoais\backups\banco_20260731_130958.db
[31/07/2026 13:09:58,12] fim (exit=0)
[01/08/2026 17:20:16,62] iniciando backup
[backup] OK -> C:\Users\mpans\OneDrive\Documentos\GitHub\gastos-pessoais\backups\banco_20260801_172030.db
[01/08/2026 17:20:30,09] fim (exit=0)
[02/08/2026 17:07:16,93] iniciando backup
[backup] OK -> C:\Users\mpans\OneDrive\Documentos\GitHub\gastos-pessoais\backups\banco_20260802_170719.db
[02/08/2026 17:07:20,66] fim (exit=0)
[06/08/2026 21:02:55,59] iniciando backup
[backup] OK -> C:\Users\mpans\OneDrive\Documentos\GitHub\gastos-pessoais\backups\banco_20260806_210657.db
[06/08/2026 21:07:26,93] fim (exit=0)
[08/08/2026 11:49:22,01] iniciando backup
[backup] OK -> C:\Users\mpans\OneDrive\Documentos\GitHub\gastos-pessoais\backups\banco_20260808_115003.db
[08/08/2026 11:50:04,05] fim (exit=0)
[08/08/2026 13:44:17,26] iniciando backup
[backup] OK -> C:\Users\mpans\OneDrive\Documentos\GitHub\gastos-pessoais\backups\banco_20260808_134505.db
[08/08/2026 13:45:06,02] fim (exit=0)
[09/08/2026 12:44:54,62] iniciando backup
[backup] OK -> C:\Users\mpans\OneDrive\Documentos\GitHub\gastos-pessoais\backups\banco_20260809_124455.db
[09/08/2026 12:44:55,41] fim (exit=0)
[12/08/2026 20:55:15,19] iniciando backup
[14/08/2026  8:54:25,91] iniciando backup
[backup] OK -> C:\Users\mpans\OneDrive\Documentos\GitHub\gastos-pessoais\backups\banco_20260814_085444.db
[14/08/2026  8:54:45,55] fim (exit=0)
[14/08/2026 13:04:47,73] iniciando backup
[backup] OK -> C:\Users\mpans\OneDrive\Documentos\GitHub\gastos-pessoais\backups\banco_20260814_130503.db
[14/08/2026 13:05:03,82] fim (exit=0)
[15/08/2026 16:39:24,39] iniciando backup
[backup] OK -> C:\Users\mpans\OneDrive\Documentos\GitHub\gastos-pessoais\backups\banco_20260815_163930.db
[15/08/2026 16:39:30,70] fim (exit=0)
[16/08/2026 14:56:46,82] iniciando backup
[backup] OK -> C:\Users\mpans\OneDrive\Documentos\GitHub\gastos-pessoais\backups\banco_20260816_145648.db
[16/08/2026 14:56:48,40] fim (exit=0)
[17/08/2026 17:10:53,74] iniciando backup
[backup] OK -> C:\Users\mpans\OneDrive\Documentos\GitHub\gastos-pessoais\backups\banco_20260817_171054.db
[17/08/2026 17:10:55,44] fim (exit=0)
[21/08/2026 14:02:14,32] iniciando backup
[backup] OK -> C:\Users\mpans\OneDrive\Documentos\GitHub\gastos-pessoais\backups\banco_20260821_140215.db
[21/08/2026 14:02:16,01] fim (exit=0)
[22/08/2026 20:15:53,64] iniciando backup
[backup] OK -> C:\Users\mpans\OneDrive\Documentos\GitHub\gastos-pessoais\backups\banco_20260822_201554.db
[22/08/2026 20:15:54,83] fim (exit=0)
[23/08/2026 13:13:01,50] iniciando backup
[backup] OK -> C:\Users\mpans\OneDrive\Documentos\GitHub\gastos-pessoais\backups\banco_20260823_131307.db
[23/08/2026 13:13:13,86] fim (exit=0)
[25/08/2026 15:29:59,72] iniciando backup
[backup] OK -> C:\Users\mpans\OneDrive\Documentos\GitHub\gastos-pessoais\backups\banco_20260825_153011.db
[25/08/2026 15:30:11,60] fim (exit=0)
[27/08/2026 10:10:56,47] iniciando backup
[backup] OK -> C:\Users\mpans\OneDrive\Documentos\GitHub\gastos-pessoais\backups\banco_20260827_101059.db
[27/08/2026 10:10:59,57] fim (exit=0)
[27/08/2026 19:10:24,57] iniciando backup
[backup] OK -> C:\Users\mpans\OneDrive\Documentos\GitHub\gastos-pessoais\backups\banco_20260827_191028.db
[27/08/2026 19:10:29,10] fim (exit=0)
[28/08/2026 17:03:04,35] iniciando backup
[backup] OK -> C:\Users\mpans\OneDrive\Documentos\GitHub\gastos-pessoais\backups\banco_20260828_170327.db
[28/08/2026 17:03:30,58] fim (exit=0)
[29/08/2026 13:52:50,35] iniciando backup
[backup] OK -> C:\Users\mpans\OneDrive\Documentos\GitHub\gastos-pessoais\backups\banco_20260829_135253.db
[29/08/2026 13:52:54,07] fim (exit=0)
[30/08/2026 14:05:01,70] iniciando backup
[backup] OK -> C:\Users\mpans\OneDrive\Documentos\GitHub\gastos-pessoais\backups\banco_20260830_140502.db
[30/08/2026 14:05:02,65] fim (exit=0)
[31/08/2026 15:06:22,73] iniciando backup
[backup] OK -> C:\Users\mpans\OneDrive\Documentos\GitHub\gastos-pessoais\backups\banco_20260831_150623.db
[31/08/2026 15:06:23,71] fim (exit=0)
[04/09/2026 17:44:12,90] iniciando backup
[backup] OK -> C:\Users\mpans\OneDrive\Documentos\GitHub\gastos-pessoais\backups\banco_20260904_174414.db
[04/09/2026 17:44:14,50] fim (exit=0)
[05/09/2026 13:56:04,37] iniciando backup
[backup] OK -> C:\Users\mpans\OneDrive\Documentos\GitHub\gastos-pessoais\backups\banco_20260905_135604.db
[05/09/2026 13:56:04,89] fim (exit=0)
[06/09/2026 18:21:48,06] iniciando backup
[backup] OK -> C:\Users\mpans\OneDrive\Documentos\GitHub\gastos-pessoais\backups\banco_20260906_182150.db
[06/09/2026 18:21:50,56] fim (exit=0)
[07/09/2026 14:46:36,55] iniciando backup
[backup] OK -> C:\Users\mpans\OneDrive\Documentos\GitHub\gastos-pessoais\backups\banco_20260907_144637.db
[07/09/2026 14:46:37,32] fim (exit=0)
[11/09/2026 11:25:34,62] iniciando backup
[backup] OK -> C:\Users\mpans\OneDrive\Documentos\GitHub\gastos-pessoais\backups\banco_20260911_112536.db
[11/09/2026 11:25:36,72] fim (exit=0)
[11/09/2026 13:15:32,73] iniciando backup
[backup] OK -> C:\Users\mpans\OneDrive\Documentos\GitHub\gastos-pessoais\backups\banco_20260911_131533.db
[11/09/2026 13:15:33,33] fim (exit=0)
[14/09/2026 20:40:42,85] iniciando backup
[backup] OK -> C:\Users\mpans\OneDrive\Documentos\GitHub\gastos-pessoais\backups\banco_20260914_204050.db
[14/09/2026 20:40:50,14] fim (exit=0)
[16/09/2026 20:26:13,27] iniciando backup
[backup] OK -> C:\Users\mpans\OneDrive\Documentos\GitHub\gastos-pessoais\backups\banco_20260916_202614.db
[16/09/2026 20:26:14,28] fim (exit=0)
[17/09/2026 20:21:14,37] iniciando backup
[backup] OK -> C:\Users\mpans\OneDrive\Documentos\GitHub\gastos-pessoais\backups\banco_20260917_202115.db
[17/09/2026 20:21:15,63] fim (exit=0)
[18/09/2026 19:02:51,67] iniciando backup
[backup] OK -> C:\Users\mpans\OneDrive\Documentos\GitHub\gastos-pessoais\backups\banco_20260918_190256.db
[18/09/2026 19:02:56,22] fim (exit=0)
[20/09/2026 16:52:28,88] iniciando backup
[backup] OK -> C:\Users\mpans\OneDrive\Documentos\GitHub\gastos-pessoais\backups\banco_20260920_165230.db
[20/09/2026 16:52:31,47] fim (exit=0)
